// Jest Snapshot v1, https://goo.gl/fbAQLP

exports[`React component test example #Separator 1`] = `ShallowWrapper {}`;
